2026-04-21T14:22:30.852Z INFO Is remote: false
2026-04-21T14:22:30.852Z INFO Starting Local. Installation path: /Users/yvesyotatchoffo/Mon Drive/Anyhomes/01_Product/01_MVP/Code/bookaro_frontend-6_Jan
2026-04-21T14:22:30.852Z INFO [MainProvider] Creating new MainProvider instance...
2026-04-21T14:22:30.853Z INFO [TabsManager] Code view listener set up at initialization
2026-04-21T14:22:30.853Z INFO Installation path exists: /Users/yvesyotatchoffo/Mon Drive/Anyhomes/01_Product/01_MVP/Code/bookaro_frontend-6_Jan
2026-04-21T14:22:30.853Z INFO Initializing database with URL: file:/Users/yvesyotatchoffo/Mon Drive/Anyhomes/01_Product/01_MVP/Code/bookaro_frontend-6_Jan/pythagora-core/data/database/pythagora.db
2026-04-21T14:22:30.854Z INFO Database file exists, skipping prisma generate/push for faster startup
2026-04-21T14:22:30.854Z INFO Database initialized successfully
2026-04-21T14:22:30.854Z INFO [Migration] Checking for database migration...
2026-04-21T14:22:30.874Z INFO [Migration] No migration needed
2026-04-21T14:22:30.879Z INFO Starting right sidebar creation...
2026-04-21T14:22:30.880Z INFO Initializing MainProvider...
2026-04-21T14:22:30.880Z INFO Updating user profile...
2026-04-21T14:22:41.337Z INFO Creating right panel...
2026-04-21T14:22:41.337Z INFO Creating right panel...
2026-04-21T14:22:41.337Z INFO Closing all existing tabs...
2026-04-21T14:22:41.338Z INFO Right panel webview created
2026-04-21T14:22:41.339Z INFO Right panel HTML set successfully
2026-04-21T14:22:41.339Z INFO Right panel setup completed
2026-04-21T14:22:41.339Z INFO Setting up right panel dependencies...
2026-04-21T14:22:41.340Z INFO [/bin/bash -c pgrep -f "concurrently -n "client,server""] Running command:
2026-04-21T14:22:41.340Z INFO Right panel dependencies setup complete, waiting for ready signal...
2026-04-21T14:22:41.371Z INFO Command /bin/bash -c pgrep -f "concurrently -n "client,server"" exited with code 1
2026-04-21T14:22:41.371Z INFO [/bin/bash -c lsof -i :5173 -sTCP:LISTEN -t] Running command:
2026-04-21T14:22:41.372Z INFO [/bin/bash -c lsof -i :3000 -sTCP:LISTEN -t] Running command:
2026-04-21T14:22:41.432Z INFO Command /bin/bash -c lsof -i :3000 -sTCP:LISTEN -t exited with code 1
2026-04-21T14:22:41.434Z INFO Command /bin/bash -c lsof -i :5173 -sTCP:LISTEN -t exited with code 1
2026-04-21T14:22:43.133Z INFO [Message Router] Routing rightPanelReady through unified router
2026-04-21T14:22:43.148Z INFO [Message Router] Routing getProjects through unified router
2026-04-21T14:22:43.150Z INFO [Message Router] Routing getDeployments through unified router
2026-04-21T14:22:43.152Z INFO [Message Router] Routing rightBarRendered through unified router
2026-04-21T14:22:43.152Z INFO Right panel setup completed successfully
2026-04-21T14:22:43.152Z INFO Right panel created via MainProvider
2026-04-21T14:22:43.152Z INFO Storing initial prompt...
2026-04-21T14:22:43.152Z INFO Tracing first panel open...
2026-04-21T14:22:43.152Z INFO Right sidebar setup completed successfully
2026-04-21T14:22:43.152Z INFO [Message Router] Routing checkEnv through unified router
2026-04-21T14:22:48.466Z INFO Closing entire Pythagora extension...
2026-04-21T14:22:48.470Z INFO Right panel disposed, triggering cleanup...
2026-04-21T14:22:48.470Z INFO Right panel disposed, cleaning up...
2026-04-21T14:22:48.470Z INFO [Message Router] Routing coreExited through unified router
2026-04-21T14:22:48.473Z INFO Closing entire Pythagora extension...
2026-04-21T14:22:48.488Z ERROR Error closing extension
Error: Canceled
Stack: Canceled: Canceled
	at new QI (file:///Applications/Visual%20Studio%20Code.app/Contents/Resources/app/out/vs/workbench/api/node/extensionHostProcess.js:407:151698)
	at i._remoteCall (file:///Applications/Visual%20Studio%20Code.app/Contents/Resources/app/out/vs/workbench/api/node/extensionHostProcess.js:407:157750)
	at r.<computed>.s.charCodeAt.r.<computed> (file:///Applications/Visual%20Studio%20Code.app/Contents/Resources/app/out/vs/workbench/api/node/extensionHostProcess.js:407:154545)
	at xg._doExecuteCommand (file:///Applications/Visual%20Studio%20Code.app/Contents/Resources/app/out/vs/workbench/api/node/extensionHostProcess.js:501:48120)
	at xg.executeCommand (file:///Applications/Visual%20Studio%20Code.app/Contents/Resources/app/out/vs/workbench/api/node/extensionHostProcess.js:501:47567)
	at Object.executeCommand (file:///Applications/Visual%20Studio%20Code.app/Contents/Resources/app/out/vs/workbench/api/node/extensionHostProcess.js:639:135747)
	at closeEntirePythagoraExtension (/Users/yvesyotatchoffo/.vscode/extensions/pythagoratechnologies.pythagora-vs-code-2.6.19/out/extension.js:542:31)
	at Object.deactivate (/Users/yvesyotatchoffo/.vscode/extensions/pythagoratechnologies.pythagora-vs-code-2.6.19/out/extension.js:409:15)
	at uP._deactivate (file:///Applications/Visual%20Studio%20Code.app/Contents/Resources/app/out/vs/workbench/api/node/extensionHostProcess.js:505:14479)
	at file:///Applications/Visual%20Studio%20Code.app/Contents/Resources/app/out/vs/workbench/api/node/extensionHostProcess.js:505:12006
	at Array.map (<anonymous>)
	at uP._deactivateAll (file:///Applications/Visual%20Studio%20Code.app/Contents/Resources/app/out/vs/workbench/api/node/extensionHostProcess.js:505:11994)
	at uP.terminate (file:///Applications/Visual%20Studio%20Code.app/Contents/Resources/app/out/vs/workbench/api/node/extensionHostProcess.js:505:12345)
	at i.terminate (file:///Applications/Visual%20Studio%20Code.app/Contents/Resources/app/out/vs/workbench/api/node/extensionHostProcess.js:507:1072)
	at js (file:///Applications/Visual%20Studio%20Code.app/Contents/Resources/app/out/vs/workbench/api/node/extensionHostProcess.js:831:11700)
	at rp.value (file:///Applications/Visual%20Studio%20Code.app/Contents/Resources/app/out/vs/workbench/api/node/extensionHostProcess.js:831:9847)
	at E._deliver (file:///Applications/Visual%20Studio%20Code.app/Contents/Resources/app/out/vs/workbench/api/node/extensionHostProcess.js:403:3043)
	at E.fire (file:///Applications/Visual%20Studio%20Code.app/Contents/Resources/app/out/vs/workbench/api/node/extensionHostProcess.js:403:3361)
	at as.fire (file:///Applications/Visual%20Studio%20Code.app/Contents/Resources/app/out/vs/workbench/api/node/extensionHostProcess.js:405:8437)
	at MessagePortMain.<anonymous> (file:///Applications/Visual%20Studio%20Code.app/Contents/Resources/app/out/vs/workbench/api/node/extensionHostProcess.js:831:8082)
	at MessagePortMain.emit (node:events:519:28)
	at MessagePortMain._internalPort.emit (node:electron/js2c/utility_init:2:2959)
Extra context: {
  "message": "Canceled"
}
2026-04-21T14:22:48.492Z ERROR Error closing extension
Error: Canceled
Stack: Canceled: Canceled
	at new QI (file:///Applications/Visual%20Studio%20Code.app/Contents/Resources/app/out/vs/workbench/api/node/extensionHostProcess.js:407:151698)
	at i._remoteCall (file:///Applications/Visual%20Studio%20Code.app/Contents/Resources/app/out/vs/workbench/api/node/extensionHostProcess.js:407:157750)
	at r.<computed>.s.charCodeAt.r.<computed> (file:///Applications/Visual%20Studio%20Code.app/Contents/Resources/app/out/vs/workbench/api/node/extensionHostProcess.js:407:154545)
	at xg._doExecuteCommand (file:///Applications/Visual%20Studio%20Code.app/Contents/Resources/app/out/vs/workbench/api/node/extensionHostProcess.js:501:48120)
	at xg.executeCommand (file:///Applications/Visual%20Studio%20Code.app/Contents/Resources/app/out/vs/workbench/api/node/extensionHostProcess.js:501:47567)
	at Object.executeCommand (file:///Applications/Visual%20Studio%20Code.app/Contents/Resources/app/out/vs/workbench/api/node/extensionHostProcess.js:639:135747)
	at closeEntirePythagoraExtension (/Users/yvesyotatchoffo/.vscode/extensions/pythagoratechnologies.pythagora-vs-code-2.6.19/out/extension.js:542:31)
	at MainProvider.handleRightPanelDispose (/Users/yvesyotatchoffo/.vscode/extensions/pythagoratechnologies.pythagora-vs-code-2.6.19/out/providers/MainProvider.js:143:65)
	at process.processTicksAndRejections (node:internal/process/task_queues:103:5)
	at async rp.value (/Users/yvesyotatchoffo/.vscode/extensions/pythagoratechnologies.pythagora-vs-code-2.6.19/out/managers/WebviewManager.js:63:17)
Extra context: {
  "message": "Canceled"
}
